BL51 BANKED LINKER/LOCATER V6.22                                                        12/15/2016  22:18:40  PAGE 1


BL51 BANKED LINKER/LOCATER V6.22, INVOKED BY:
C:\MYSOFTWARE\KEIL\C51\BIN\BL51.EXE .\Objects\SimpleOscilloscope.obj, .\Objects\STARTUP.obj TO .\Objects\test PRINT (.\L
>> istings\test.m51) RAMSIZE (256)


MEMORY MODEL: SMALL WITH FLOATING POINT ARITHMETIC


INPUT MODULES INCLUDED:
  .\Objects\SimpleOscilloscope.obj (SIMPLEOSCILLOSCOPE)
  .\Objects\STARTUP.obj (?C_STARTUP)
  C:\MYSOFTWARE\KEIL\C51\LIB\C51FPS.LIB (?C?FPMUL)
  C:\MYSOFTWARE\KEIL\C51\LIB\C51FPS.LIB (?C?FPDIV)
  C:\MYSOFTWARE\KEIL\C51\LIB\C51FPS.LIB (?C?FCAST)
  C:\MYSOFTWARE\KEIL\C51\LIB\C51FPS.LIB (?C?CASTF)
  C:\MYSOFTWARE\KEIL\C51\LIB\C51FPS.LIB (?C?FPGETOPN)
  C:\MYSOFTWARE\KEIL\C51\LIB\C51S.LIB (?C_INIT)
  C:\MYSOFTWARE\KEIL\C51\LIB\C51S.LIB (?C?LNEG)


LINK MAP OF MODULE:  .\Objects\test (SIMPLEOSCILLOSCOPE)


            TYPE    BASE      LENGTH    RELOCATION   SEGMENT NAME
            -----------------------------------------------------

            * * * * * * *   D A T A   M E M O R Y   * * * * * * *
            REG     0000H     0008H     ABSOLUTE     "REG BANK 0"
            DATA    0008H     0065H     UNIT         ?DT?SIMPLEOSCILLOSCOPE
            DATA    006DH     0011H     UNIT         _DATA_GROUP_
            IDATA   007EH     0001H     UNIT         ?STACK

            * * * * * * *   C O D E   M E M O R Y   * * * * * * *
            CODE    0000H     0003H     ABSOLUTE     
            CODE    0003H     0453H     UNIT         ?PR?MAIN?SIMPLEOSCILLOSCOPE
            CODE    0456H     0273H     UNIT         ?C?LIB_CODE
            CODE    06C9H     008CH     UNIT         ?C_C51STARTUP
            CODE    0755H     0080H     UNIT         ?CO?SIMPLEOSCILLOSCOPE
            CODE    07D5H     001FH     UNIT         ?PR?_PIANXUAN?SIMPLEOSCILLOSCOPE
            CODE    07F4H     001DH     UNIT         ?PR?SHUJU?SIMPLEOSCILLOSCOPE
            CODE    0811H     001CH     UNIT         ?PR?ADC?SIMPLEOSCILLOSCOPE
            CODE    082DH     001CH     UNIT         ?PR?CLEANSCREEN?SIMPLEOSCILLOSCOPE
            CODE    0849H     0015H     UNIT         ?PR?_DELAY_50US?SIMPLEOSCILLOSCOPE
            CODE    085EH     0012H     UNIT         ?PR?QING?SIMPLEOSCILLOSCOPE
            CODE    0870H     000EH     UNIT         ?PR?_WRITECOMMAND?SIMPLEOSCILLOSCOPE
            CODE    087EH     000EH     UNIT         ?PR?_WRITEDATE?SIMPLEOSCILLOSCOPE
            CODE    088CH     000CH     UNIT         ?PR?CHECKSTATE?SIMPLEOSCILLOSCOPE
            CODE    0898H     000AH     UNIT         ?PR?INIT?SIMPLEOSCILLOSCOPE
            CODE    08A2H     0005H     UNIT         ?C_INITSEG



OVERLAY MAP OF MODULE:   .\Objects\test (SIMPLEOSCILLOSCOPE)


SEGMENT                                        DATA_GROUP 
  +--> CALLED SEGMENT                        START    LENGTH
------------------------------------------------------------
BL51 BANKED LINKER/LOCATER V6.22                                                      12/15/2016  22:18:40  PAGE 2


?C_C51STARTUP                                -----    -----
  +--> ?PR?MAIN?SIMPLEOSCILLOSCOPE
  +--> ?C_INITSEG

?PR?MAIN?SIMPLEOSCILLOSCOPE                  006DH    0011H
  +--> ?PR?_PIANXUAN?SIMPLEOSCILLOSCOPE
  +--> ?PR?CLEANSCREEN?SIMPLEOSCILLOSCOPE
  +--> ?PR?INIT?SIMPLEOSCILLOSCOPE
  +--> ?CO?SIMPLEOSCILLOSCOPE
  +--> ?PR?SHUJU?SIMPLEOSCILLOSCOPE
  +--> ?PR?ADC?SIMPLEOSCILLOSCOPE
  +--> ?PR?_DELAY_50US?SIMPLEOSCILLOSCOPE
  +--> ?PR?QING?SIMPLEOSCILLOSCOPE

?PR?CLEANSCREEN?SIMPLEOSCILLOSCOPE           -----    -----
  +--> ?PR?_WRITECOMMAND?SIMPLEOSCILLOSCOPE
  +--> ?PR?_WRITEDATE?SIMPLEOSCILLOSCOPE

?PR?_WRITECOMMAND?SIMPLEOSCILLOSCOPE         -----    -----
  +--> ?PR?CHECKSTATE?SIMPLEOSCILLOSCOPE

?PR?_WRITEDATE?SIMPLEOSCILLOSCOPE            -----    -----
  +--> ?PR?CHECKSTATE?SIMPLEOSCILLOSCOPE

?PR?INIT?SIMPLEOSCILLOSCOPE                  -----    -----
  +--> ?PR?_WRITECOMMAND?SIMPLEOSCILLOSCOPE

?PR?SHUJU?SIMPLEOSCILLOSCOPE                 -----    -----
  +--> ?PR?_PIANXUAN?SIMPLEOSCILLOSCOPE
  +--> ?PR?_WRITECOMMAND?SIMPLEOSCILLOSCOPE
  +--> ?PR?_WRITEDATE?SIMPLEOSCILLOSCOPE

?PR?ADC?SIMPLEOSCILLOSCOPE                   -----    -----
  +--> ?PR?_DELAY_50US?SIMPLEOSCILLOSCOPE

?PR?QING?SIMPLEOSCILLOSCOPE                  -----    -----
  +--> ?PR?SHUJU?SIMPLEOSCILLOSCOPE



SYMBOL TABLE OF MODULE:  .\Objects\test (SIMPLEOSCILLOSCOPE)

  VALUE           TYPE          NAME
  ----------------------------------

  -------         MODULE        SIMPLEOSCILLOSCOPE
  C:0000H         SYMBOL        _ICE_DUMMY_
  D:0080H         PUBLIC        P0
  D:0090H         PUBLIC        P1
  D:00A0H         PUBLIC        P2
  D:00B0H         PUBLIC        P3
  D:0008H         PUBLIC        AD
  C:082DH         PUBLIC        cleanscreen
  B:00B0H.4       PUBLIC        START
  C:0870H         PUBLIC        _writecommand
  B:00B0H.6       PUBLIC        OE
  B:00B0H.3       PUBLIC        jian
BL51 BANKED LINKER/LOCATER V6.22                                                      12/15/2016  22:18:40  PAGE 3


  B:00A0H.2       PUBLIC        RS
  C:088CH         PUBLIC        checkstate
  C:0003H         PUBLIC        main
  C:0811H         PUBLIC        adc
  B:00A0H.1       PUBLIC        RW
  C:085EH         PUBLIC        qing
  C:07FBH         PUBLIC        shuju
  B:00B0H.7       PUBLIC        jia
  C:0898H         PUBLIC        init
  D:000AH         PUBLIC        lei
  C:0849H         PUBLIC        _delay_50us
  B:00A0H.0       PUBLIC        E
  B:0090H.7       PUBLIC        busy
  B:00A0H.4       PUBLIC        CS1
  B:00A0H.3       PUBLIC        CS2
  C:087EH         PUBLIC        _writedate
  D:000BH         PUBLIC        shu
  B:00B0H.1       PUBLIC        jian1
  B:00B0H.5       PUBLIC        EOC
  D:000CH         PUBLIC        ye
  D:000DH         PUBLIC        a
  B:00B0H.0       PUBLIC        jia1
  D:006BH         PUBLIC        i
  C:07D5H         PUBLIC        _pianxuan
  C:0755H         PUBLIC        t
  -------         PROC          _DELAY_50US
  D:0006H         SYMBOL        t
  -------         DO            
  D:0005H         SYMBOL        j
  -------         ENDDO         
  C:0849H         LINE#         43
  C:0849H         LINE#         44
  C:0849H         LINE#         46
  C:0852H         LINE#         47
  C:085DH         LINE#         48
  -------         ENDPROC       _DELAY_50US
  -------         PROC          ADC
  C:0811H         LINE#         49
  C:0811H         LINE#         50
  C:0813H         LINE#         51
  C:0815H         LINE#         52
  C:0817H         LINE#         53
  C:081EH         LINE#         54
  C:0820H         LINE#         55
  C:0823H         LINE#         56
  C:0825H         LINE#         57
  C:082CH         LINE#         59
  -------         ENDPROC       ADC
  -------         PROC          CHECKSTATE
  C:088CH         LINE#         61
  C:088CH         LINE#         62
  C:088CH         LINE#         64
  C:088EH         LINE#         65
  C:0890H         LINE#         68
  C:0890H         LINE#         69
  C:0892H         LINE#         70
  C:0894H         LINE#         72
BL51 BANKED LINKER/LOCATER V6.22                                                      12/15/2016  22:18:40  PAGE 4


  C:0894H         LINE#         73
  C:0897H         LINE#         74
  -------         ENDPROC       CHECKSTATE
  -------         PROC          _WRITECOMMAND
  D:0007H         SYMBOL        command
  C:0870H         LINE#         75
  C:0870H         LINE#         76
  C:0870H         LINE#         77
  C:0873H         LINE#         78
  C:0875H         LINE#         79
  C:0877H         LINE#         80
  C:0879H         LINE#         81
  C:087BH         LINE#         82
  C:087DH         LINE#         83
  -------         ENDPROC       _WRITECOMMAND
  -------         PROC          _WRITEDATE
  D:0007H         SYMBOL        date
  C:087EH         LINE#         84
  C:087EH         LINE#         85
  C:087EH         LINE#         86
  C:0881H         LINE#         87
  C:0883H         LINE#         88
  C:0885H         LINE#         89
  C:0887H         LINE#         90
  C:0889H         LINE#         91
  C:088BH         LINE#         92
  -------         ENDPROC       _WRITEDATE
  -------         PROC          _PIANXUAN
  D:0006H         SYMBOL        i
  C:07D5H         LINE#         94
  C:07D5H         LINE#         95
  C:07D5H         LINE#         96
  C:07DBH         LINE#         97
  C:07DFH         LINE#         98
  C:07E5H         LINE#         99
  C:07E9H         LINE#         100
  C:07EFH         LINE#         101
  C:07F3H         LINE#         102
  -------         ENDPROC       _PIANXUAN
  -------         PROC          CLEANSCREEN
  -------         DO            
  D:0006H         SYMBOL        page
  D:0005H         SYMBOL        i
  -------         ENDDO         
  C:082DH         LINE#         103
  C:082DH         LINE#         104
  C:082DH         LINE#         106
  C:082FH         LINE#         107
  C:082FH         LINE#         108
  C:0834H         LINE#         109
  C:0839H         LINE#         110
  C:083BH         LINE#         111
  C:0844H         LINE#         112
  C:0848H         LINE#         114
  -------         ENDPROC       CLEANSCREEN
  -------         PROC          INIT
  C:0898H         LINE#         115
BL51 BANKED LINKER/LOCATER V6.22                                                      12/15/2016  22:18:40  PAGE 5


  C:0898H         LINE#         116
  C:0898H         LINE#         117
  C:089DH         LINE#         118
  -------         ENDPROC       INIT
  -------         PROC          L?0158
  -------         ENDPROC       L?0158
  -------         PROC          SHUJU
  C:07FBH         LINE#         121
  C:07FBH         LINE#         122
  C:07FBH         LINE#         123
  C:0802H         LINE#         124
  C:0807H         LINE#         125
  C:080CH         LINE#         126
  -------         ENDPROC       SHUJU
  -------         PROC          QING
  -------         DO            
  D:0005H         SYMBOL        i
  -------         ENDDO         
  C:085EH         LINE#         128
  C:085EH         LINE#         129
  C:085EH         LINE#         131
  C:0860H         LINE#         132
  C:0860H         LINE#         133
  C:0862H         LINE#         134
  C:0865H         LINE#         135
  C:0868H         LINE#         136
  C:086FH         LINE#         137
  -------         ENDPROC       QING
  -------         PROC          MAIN
  -------         DO            
  D:006DH         SYMBOL        r
  D:006FH         SYMBOL        j
  D:0071H         SYMBOL        g
  D:0073H         SYMBOL        q
  D:0075H         SYMBOL        dianya
  D:0077H         SYMBOL        k
  D:0004H         SYMBOL        U
  D:0005H         SYMBOL        l
  C:00DEH         SYMBOL        aaa
  -------         DO            
  D:0079H         SYMBOL        d1
  D:007AH         SYMBOL        d2
  D:007BH         SYMBOL        d3
  D:007CH         SYMBOL        d4
  D:007DH         SYMBOL        d5
  -------         ENDDO         
  -------         ENDDO         
  C:0003H         LINE#         138
  C:0003H         LINE#         139
  C:0003H         LINE#         142
  C:000DH         LINE#         144
  C:0013H         LINE#         145
  C:0016H         LINE#         146
  C:0019H         LINE#         147
  C:0020H         LINE#         149
  C:0022H         LINE#         150
  C:0035H         LINE#         151
BL51 BANKED LINKER/LOCATER V6.22                                                      12/15/2016  22:18:40  PAGE 6


  C:0035H         LINE#         152
  C:0037H         LINE#         154
  C:003AH         LINE#         155
  C:003FH         LINE#         156
  C:003FH         LINE#         157
  C:0065H         LINE#         158
  C:0068H         LINE#         159
  C:006AH         LINE#         160
  C:007BH         LINE#         161
  C:007FH         LINE#         163
  C:0082H         LINE#         164
  C:0087H         LINE#         165
  C:0087H         LINE#         166
  C:00ADH         LINE#         167
  C:00B0H         LINE#         168
  C:00B2H         LINE#         169
  C:00C3H         LINE#         170
  C:00D0H         LINE#         173
  C:00D0H         LINE#         174
  C:00D0H         LINE#         176
  C:00D0H         LINE#         177
  C:00D0H         LINE#         178
  C:00D3H         LINE#         179
  C:00D3H         LINE#         180
  C:00EBH         LINE#         181
  C:00EDH         LINE#         182
  C:00F0H         LINE#         183
  C:00F9H         LINE#         184
  C:00F9H         LINE#         185
  C:00FCH         LINE#         186
  C:00FCH         LINE#         187
  C:00FFH         LINE#         188
  C:0107H         LINE#         189
  C:0109H         LINE#         190
  C:010CH         LINE#         191
  C:010CH         LINE#         192
  C:010FH         LINE#         193
  C:011DH         LINE#         194
  C:011FH         LINE#         195
  C:0122H         LINE#         196
  C:0122H         LINE#         197
  C:0125H         LINE#         198
  C:012DH         LINE#         199
  C:012FH         LINE#         200
  C:0132H         LINE#         201
  C:0132H         LINE#         202
  C:0135H         LINE#         203
  C:013DH         LINE#         204
  C:0145H         LINE#         205
  C:0147H         LINE#         206
  C:014CH         LINE#         207
  C:014CH         LINE#         208
  C:014FH         LINE#         209
  C:0156H         LINE#         210
  C:015DH         LINE#         211
  C:016EH         LINE#         212
  C:0171H         LINE#         213
BL51 BANKED LINKER/LOCATER V6.22                                                      12/15/2016  22:18:40  PAGE 7


  C:0188H         LINE#         214
  C:0188H         LINE#         215
  C:0199H         LINE#         216
  C:01A4H         LINE#         217
  C:01B5H         LINE#         218
  C:01B8H         LINE#         219
  C:01F8H         LINE#         220
  C:0216H         LINE#         221
  C:0239H         LINE#         222
  C:025CH         LINE#         223
  C:027FH         LINE#         224
  C:02A1H         LINE#         225
  C:02C3H         LINE#         226
  C:02E5H         LINE#         227
  C:0305H         LINE#         228
  C:030BH         LINE#         229
  C:030BH         LINE#         230
  C:030EH         LINE#         231
  C:0311H         LINE#         232
  C:0311H         LINE#         233
  C:031AH         LINE#         234
  C:031AH         LINE#         235
  C:031DH         LINE#         236
  C:0320H         LINE#         237
  C:0326H         LINE#         238
  C:0326H         LINE#         239
  C:032DH         LINE#         240
  C:032DH         LINE#         241
  C:0330H         LINE#         242
  C:0335H         LINE#         243
  C:033BH         LINE#         244
  C:0341H         LINE#         245
  C:0347H         LINE#         246
  C:0349H         LINE#         247
  C:0349H         LINE#         248
  C:0350H         LINE#         249
  C:0350H         LINE#         250
  C:0353H         LINE#         251
  C:0359H         LINE#         252
  C:035FH         LINE#         253
  C:035FH         LINE#         254
  C:0365H         LINE#         255
  C:036BH         LINE#         256
  C:036DH         LINE#         257
  C:036DH         LINE#         258
  C:036DH         LINE#         260
  C:0374H         LINE#         261
  C:0374H         LINE#         262
  C:0379H         LINE#         263
  C:0379H         LINE#         264
  C:037FH         LINE#         265
  C:038DH         LINE#         266
  C:038DH         LINE#         267
  C:038FH         LINE#         268
  C:0396H         LINE#         269
  C:039EH         LINE#         270
  C:03A0H         LINE#         271
BL51 BANKED LINKER/LOCATER V6.22                                                      12/15/2016  22:18:40  PAGE 8


  C:03A6H         LINE#         272
  C:03A9H         LINE#         273
  C:03B0H         LINE#         274
  C:03B0H         LINE#         275
  C:03B3H         LINE#         276
  C:03B9H         LINE#         277
  C:03BFH         LINE#         278
  C:03BFH         LINE#         279
  C:03C5H         LINE#         280
  C:03CBH         LINE#         281
  C:03CDH         LINE#         282
  C:03CDH         LINE#         283
  C:03CDH         LINE#         284
  C:03CDH         LINE#         285
  C:03D4H         LINE#         286
  C:03D4H         LINE#         287
  C:03D9H         LINE#         288
  C:03D9H         LINE#         289
  C:03DFH         LINE#         290
  C:03EDH         LINE#         291
  C:03EDH         LINE#         292
  C:03EFH         LINE#         293
  C:03F6H         LINE#         294
  C:03FEH         LINE#         295
  C:0400H         LINE#         296
  C:0406H         LINE#         297
  C:0409H         LINE#         298
  C:0410H         LINE#         299
  C:0410H         LINE#         300
  C:0413H         LINE#         301
  C:0418H         LINE#         302
  C:041EH         LINE#         303
  C:041EH         LINE#         304
  C:0424H         LINE#         305
  C:042AH         LINE#         306
  C:042CH         LINE#         307
  C:042CH         LINE#         308
  C:042CH         LINE#         309
  C:042CH         LINE#         310
  C:042CH         LINE#         311
  C:0432H         LINE#         312
  C:0432H         LINE#         313
  C:0435H         LINE#         314
  C:0438H         LINE#         315
  C:0438H         LINE#         316
  C:043BH         LINE#         317
  C:0443H         LINE#         318
  -------         ENDPROC       MAIN
  -------         ENDMOD        SIMPLEOSCILLOSCOPE

  -------         MODULE        ?C_STARTUP
  C:06C9H         SEGMENT       ?C_C51STARTUP
  I:007EH         SEGMENT       ?STACK
  C:0000H         PUBLIC        ?C_STARTUP
  D:00E0H         SYMBOL        ACC
  D:00F0H         SYMBOL        B
  D:0083H         SYMBOL        DPH
BL51 BANKED LINKER/LOCATER V6.22                                                      12/15/2016  22:18:40  PAGE 9


  D:0082H         SYMBOL        DPL
  N:0000H         SYMBOL        IBPSTACK
  N:0100H         SYMBOL        IBPSTACKTOP
  N:0080H         SYMBOL        IDATALEN
  C:06CCH         SYMBOL        IDATALOOP
  N:0000H         SYMBOL        PBPSTACK
  N:0100H         SYMBOL        PBPSTACKTOP
  N:0000H         SYMBOL        PDATALEN
  N:0000H         SYMBOL        PDATASTART
  N:0000H         SYMBOL        PPAGE
  N:0000H         SYMBOL        PPAGEENABLE
  D:00A0H         SYMBOL        PPAGE_SFR
  D:0081H         SYMBOL        SP
  C:06C9H         SYMBOL        STARTUP1
  N:0000H         SYMBOL        XBPSTACK
  N:0000H         SYMBOL        XBPSTACKTOP
  N:0000H         SYMBOL        XDATALEN
  N:0000H         SYMBOL        XDATASTART
  C:0000H         LINE#         126
  C:06C9H         LINE#         133
  C:06CBH         LINE#         134
  C:06CCH         LINE#         135
  C:06CDH         LINE#         136
  C:06CFH         LINE#         185
  C:06D2H         LINE#         196
  -------         ENDMOD        ?C_STARTUP

  -------         MODULE        ?C?FPMUL
  C:0456H         PUBLIC        ?C?FPMUL
  -------         ENDMOD        ?C?FPMUL

  -------         MODULE        ?C?FPDIV
  C:055FH         PUBLIC        ?C?FPDIV
  -------         ENDMOD        ?C?FPDIV

  -------         MODULE        ?C?FCAST
  C:0606H         PUBLIC        ?C?FCASTC
  C:0601H         PUBLIC        ?C?FCASTI
  C:05FCH         PUBLIC        ?C?FCASTL
  -------         ENDMOD        ?C?FCAST

  -------         MODULE        ?C?CASTF
  C:063AH         PUBLIC        ?C?CASTF
  -------         ENDMOD        ?C?CASTF

  -------         MODULE        ?C?LNEG
  C:06BBH         PUBLIC        ?C?LNEG
  -------         ENDMOD        ?C?LNEG

Program Size: data=127.0 xdata=0 code=2215
LINK/LOCATE RUN COMPLETE.  0 WARNING(S),  0 ERROR(S)
