BL51 BANKED LINKER/LOCATER V6.22                                                        10/25/2016  21:33:06  PAGE 1


BL51 BANKED LINKER/LOCATER V6.22, INVOKED BY:
C:\KEIL_V5\C51\BIN\BL51.EXE .\Objects\test.obj TO .\Objects\test PRINT (.\Listings\test.m51)


INPUT MODULES INCLUDED:
  .\Objects\test.obj (TEST)


LINK MAP OF MODULE:  .\Objects\test (TEST)


            TYPE    BASE      LENGTH    RELOCATION   SEGMENT NAME
            -----------------------------------------------------

            * * * * * * *   D A T A   M E M O R Y   * * * * * * *
            REG     0000H     0008H     ABSOLUTE     "REG BANK 0"

            * * * * * * *   C O D E   M E M O R Y   * * * * * * *
            CODE    0000H     0110H     ABSOLUTE     



SYMBOL TABLE OF MODULE:  .\Objects\test (TEST)

  VALUE           TYPE          NAME
  ----------------------------------

  -------         MODULE        TEST
  D:00F0H         SYMBOL        B
  C:0107H         SYMBOL        LOOP
  C:0100H         SYMBOL        MAIN
  C:0000H         LINE#         2
  C:0100H         LINE#         4
  C:0102H         LINE#         5
  C:0104H         LINE#         6
  C:0107H         LINE#         7
  C:0108H         LINE#         8
  C:0109H         LINE#         9
  C:010AH         LINE#         10
  C:010BH         LINE#         11
  C:010EH         LINE#         12
  -------         ENDMOD        TEST

Program Size: data=8.0 xdata=0 code=272
LINK/LOCATE RUN COMPLETE.  0 WARNING(S),  0 ERROR(S)
