BL51 BANKED LINKER/LOCATER V6.22                                                        12/03/2016  22:04:08  PAGE 1


BL51 BANKED LINKER/LOCATER V6.22, INVOKED BY:
C:\MYSOFTWARE\KEIL_V5\C51\BIN\BL51.EXE .\Objects\test.obj, .\Objects\STARTUP.obj TO .\Objects\test PRINT (.\Listings\tes
>> t.m51)


INPUT MODULES INCLUDED:
  .\Objects\test.obj (TEST)
  .\Objects\STARTUP.obj (?C_STARTUP)


LINK MAP OF MODULE:  .\Objects\test (TEST)


            TYPE    BASE      LENGTH    RELOCATION   SEGMENT NAME
            -----------------------------------------------------

            * * * * * * *   D A T A   M E M O R Y   * * * * * * *
            REG     0000H     0008H     ABSOLUTE     "REG BANK 0"
            IDATA   0008H     0001H     UNIT         ?STACK

            * * * * * * *   C O D E   M E M O R Y   * * * * * * *
            CODE    0000H     018DH     ABSOLUTE     
* OVERLAP * CODE    0000H     0003H     ABSOLUTE     
            CODE    018DH     000CH     UNIT         ?C_C51STARTUP



UNRESOLVED EXTERNAL SYMBOLS:
   ?C_START



SYMBOL TABLE OF MODULE:  .\Objects\test (TEST)

  VALUE           TYPE          NAME
  ----------------------------------

  -------         MODULE        TEST
  D:00E0H         SYMBOL        ACC
  C:0159H         SYMBOL        CLEAR
  C:0172H         SYMBOL        D0
  C:0174H         SYMBOL        D1
  C:0170H         SYMBOL        DELAY5MS
  B:00A8H.7       SYMBOL        EA
  B:00A8H.1       SYMBOL        ET0
  C:006CH         SYMBOL        LOOP
  C:0040H         SYMBOL        MAIN
  C:016BH         SYMBOL        OUT
  D:00A0H         SYMBOL        P2
  D:00B0H         SYMBOL        P3
  D:00D0H         SYMBOL        PSW
  C:0066H         SYMBOL        START
  C:017DH         SYMBOL        TABLE
  D:008CH         SYMBOL        TH0
  C:0100H         SYMBOL        TIME0
  D:008AH         SYMBOL        TL0
  D:0089H         SYMBOL        TMOD
  C:014AH         SYMBOL        TMP
BL51 BANKED LINKER/LOCATER V6.22                                                      12/03/2016  22:04:08  PAGE 2


  B:0088H.4       SYMBOL        TR0
  C:0000H         LINE#         2
  C:0040H         LINE#         5
  C:0043H         LINE#         6
  C:0046H         LINE#         7
  C:0049H         LINE#         8
  C:004CH         LINE#         9
  C:004FH         LINE#         10
  C:0052H         LINE#         11
  C:0055H         LINE#         12
  C:0058H         LINE#         13
  C:005BH         LINE#         14
  C:005DH         LINE#         15
  C:0060H         LINE#         16
  C:0062H         LINE#         17
  C:0064H         LINE#         18
  C:0066H         LINE#         20
  C:0068H         LINE#         21
  C:006AH         LINE#         22
  C:006CH         LINE#         24
  C:006DH         LINE#         25
  C:006EH         LINE#         26
  C:0070H         LINE#         27
  C:0072H         LINE#         28
  C:0075H         LINE#         29
  C:0078H         LINE#         30
  C:0079H         LINE#         31
  C:007AH         LINE#         32
  C:007BH         LINE#         33
  C:007CH         LINE#         34
  C:007EH         LINE#         35
  C:000BH         LINE#         38
  C:0100H         LINE#         41
  C:0102H         LINE#         42
  C:0104H         LINE#         43
  C:0107H         LINE#         44
  C:010AH         LINE#         45
  C:010CH         LINE#         46
  C:010EH         LINE#         47
  C:0110H         LINE#         48
  C:0111H         LINE#         49
  C:0113H         LINE#         50
  C:0116H         LINE#         51
  C:0119H         LINE#         52
  C:011BH         LINE#         53
  C:011CH         LINE#         54
  C:011EH         LINE#         55
  C:0121H         LINE#         56
  C:0124H         LINE#         57
  C:0126H         LINE#         58
  C:0127H         LINE#         59
  C:0129H         LINE#         60
  C:012CH         LINE#         61
  C:012FH         LINE#         62
  C:0131H         LINE#         63
  C:0132H         LINE#         64
  C:0134H         LINE#         65
BL51 BANKED LINKER/LOCATER V6.22                                                      12/03/2016  22:04:08  PAGE 3


  C:0137H         LINE#         66
  C:013AH         LINE#         67
  C:013CH         LINE#         68
  C:013DH         LINE#         69
  C:013FH         LINE#         70
  C:0142H         LINE#         71
  C:0144H         LINE#         72
  C:0147H         LINE#         73
  C:014AH         LINE#         75
  C:014CH         LINE#         76
  C:014FH         LINE#         77
  C:0152H         LINE#         78
  C:0154H         LINE#         79
  C:0155H         LINE#         80
  C:0157H         LINE#         81
  C:0159H         LINE#         83
  C:015CH         LINE#         84
  C:015FH         LINE#         85
  C:0162H         LINE#         86
  C:0165H         LINE#         87
  C:0168H         LINE#         88
  C:016BH         LINE#         90
  C:016DH         LINE#         91
  C:016FH         LINE#         92
  C:0170H         LINE#         95
  C:0172H         LINE#         97
  C:0174H         LINE#         99
  C:0175H         LINE#         100
  C:0176H         LINE#         101
  C:0178H         LINE#         102
  C:017AH         LINE#         103
  C:017BH         LINE#         104
  C:017CH         LINE#         105
  -------         ENDMOD        TEST

  -------         MODULE        ?C_STARTUP
  C:018DH         SEGMENT       ?C_C51STARTUP
  I:0008H         SEGMENT       ?STACK
  C:0000H         PUBLIC        ?C_STARTUP
  D:00E0H         SYMBOL        ACC
  D:00F0H         SYMBOL        B
  D:0083H         SYMBOL        DPH
  D:0082H         SYMBOL        DPL
  N:0000H         SYMBOL        IBPSTACK
  N:0100H         SYMBOL        IBPSTACKTOP
  N:0080H         SYMBOL        IDATALEN
  C:0190H         SYMBOL        IDATALOOP
  N:0000H         SYMBOL        PBPSTACK
  N:0100H         SYMBOL        PBPSTACKTOP
  N:0000H         SYMBOL        PDATALEN
  N:0000H         SYMBOL        PDATASTART
  N:0000H         SYMBOL        PPAGE
  N:0000H         SYMBOL        PPAGEENABLE
  D:00A0H         SYMBOL        PPAGE_SFR
  D:0081H         SYMBOL        SP
  C:018DH         SYMBOL        STARTUP1
  N:0000H         SYMBOL        XBPSTACK
BL51 BANKED LINKER/LOCATER V6.22                                                      12/03/2016  22:04:08  PAGE 4


  N:0000H         SYMBOL        XBPSTACKTOP
  N:0000H         SYMBOL        XDATALEN
  N:0000H         SYMBOL        XDATASTART
  C:0000H         LINE#         126
  C:018DH         LINE#         133
  C:018FH         LINE#         134
  C:0190H         LINE#         135
  C:0191H         LINE#         136
  C:0193H         LINE#         185
  C:0196H         LINE#         196
  -------         ENDMOD        ?C_STARTUP

*** WARNING L5: CODE SPACE MEMORY OVERLAP
    FROM:    0000H
    TO:      018CH

*** WARNING L1: UNRESOLVED EXTERNAL SYMBOL
    SYMBOL:  ?C_START
    MODULE:  .\Objects\STARTUP.obj (?C_STARTUP)

*** WARNING L2: REFERENCE MADE TO UNRESOLVED EXTERNAL
    SYMBOL:  ?C_START
    MODULE:  .\Objects\STARTUP.obj (?C_STARTUP)
    ADDRESS: 0197H

Program Size: data=9.0 xdata=0 code=412
LINK/LOCATE RUN COMPLETE.  3 WARNING(S),  0 ERROR(S)
