A51 MACRO ASSEMBLER  CLOCK                                                                12/08/2016 00:29:34 PAGE     1


MACRO ASSEMBLER A51 V8.02b
OBJECT MODULE PLACED IN .\Objects\CLOCK.obj
ASSEMBLER INVOKED BY: C:\MySoftWare\keil\C51\BIN\A51.EXE CLOCK.asm SET(SMALL) DEBUG PRINT(.\Listings\CLOCK.lst) OBJECT(.
                      \Objects\CLOCK.obj) EP

LOC  OBJ            LINE     SOURCE

                       1     
                       2                     ; µ ± ±÷” µ—È 
  CFA0                 3             PORT EQU 0CFA0H  
                       4                  
  0023                 5             BUF EQU 23H ;¥Ê∑≈º∆ ÷µ 
  0022                 6             SBF EQU 22H ;¥Ê∑≈√Î÷µ 
  0021                 7             MBF EQU 21H ;¥Ê∑≈∑÷÷µ 
  0020                 8                     HBF EQU 20H;¥Ê∑≈–° ± 
0000                   9             ORG 0000H 
0000 020040           10             LJMP START 
0040                  11             ORG 0040H 
0040 7840             12     START:  MOV R0,#40H ;40H-45H «œ‘ æª∫≥Â«¯£¨“¿¥Œ¥Ê∑≈√Î∏ﬂŒª°¢√ÎµÕŒª
                      13                                             ;“‘º∞∑÷∏ﬂŒª°¢∑÷µ◊Œª“‘º∞–° ±∏ﬂŒª°¢–° ±µÕŒª 
0042 7400             14             MOV A,#00H ;  
0044 F6               15             MOV @R0,A ;  
0045 08               16             INC R0 
0046 F6               17             MOV @R0,A 
0047 08               18             INC R0 
                      19     
0048 F6               20             MOV @R0,A 
0049 08               21             INC R0 
004A F6               22             MOV @R0,A 
004B 08               23             INC R0 
004C F6               24             MOV @R0,A 
004D 08               25             INC R0 
004E F6               26             MOV @R0,A 
                      27     
004F 758910           28             MOV TMOD,#10H ;∂® ±∆˜1≥ı ºªØŒ™∑Ω Ω1 
0052 758D38           29             MOV TH1,#38H ;÷√ ±º‰≥£ ™¢—” ±0.1√Î 
0055 758B00           30             MOV TL1,#00H 
                      31     
0058 752300           32             MOV BUF,#00H ;÷√0 
005B 752200           33             MOV SBF,#00H 
005E 752100           34             MOV MBF,#00H 
0061 752000           35                     MOV HBF,#00H 
                      36     
0064 D2AB             37             SETB ET1 
0066 D2AF             38             SETB EA 
0068 D28E             39             SETB TR1 
                      40     
006A 7840             41        DS1: MOV R0,#40H ;÷√œ‘ æª∫≥Â«¯ ◊÷∑ 
006C 7A20             42             MOV R2,#20H ;÷√…®√Ë≥ı÷µ,µ„¡¡◊Ó◊Û±ﬂµƒLED6 
006E 90CFA0           43        DS2: MOV DPTR,#PORT  
0071 E6               44             MOV A,@R0 ;µ√µΩµƒ∂Œœ‘¬Î ‰≥ˆµΩ∂Œ æ›ø⁄ 
0072 1198             45             ACALL TABLE 
0074 F0               46             MOVX @DPTR,A  
                      47     
0075 EA               48             MOV A,R2 ;œÚŒª æ›ø⁄P1 ‰≥ˆŒªœ‘¬Î 
0076 F4               49             CPL A 
0077 F590             50             MOV P1,A  
                      51     
0079 7BFF             52             MOV R3,#0FFH ;—” ±“ª–°∂Œ ±º‰ 
007B 00               53        DEL: NOP 
007C DBFD             54             DJNZ R3,DEL
                      55             
007E 85FF90           56             MOV P1 , 0FFH   ;œ˚≥Õœ”∞œ÷œÛ 
                      57     
A51 MACRO ASSEMBLER  CLOCK                                                                12/08/2016 00:29:34 PAGE     2

0081 08               58             INC R0 ;œ‘ æª∫≥Â◊÷Ω⁄º”“ª 
0082 C3               59             CLR C 
0083 EA               60             MOV A,R2 
0084 13               61             RRC A ;œ‘¬Î”““∆“ªŒª 
0085 FA               62             MOV R2,A ;◊Óƒ©“ªŒª «∑Òœ‘ æÕÍ±œ?,»ÁŒﬁ‘Ú 
0086 70E6             63             JNZ DS2 ;ºÃ–¯Õ˘œ¬œ‘ æ 
                      64     
0088 7845             65             MOV R0,#45H 
008A E522             66             MOV A,SBF ;∞—√Î÷µ∑÷±∑≈”⁄44H,45H÷– 
008C 11A6             67             ACALL GET 
                      68     
008E E521             69             MOV A,MBF ;∞—∑÷÷µ∑÷±∑≈»Î42H,43H÷– 
0090 11A6             70             ACALL GET 
                      71     
0092 E520             72                     MOV A, HBF;∞—–° ±∑÷±∑≈»Î40H,41H÷– 
0094 11A6             73                     ACALL  GET  
0096 80D2             74             SJMP DS1 ;◊™DS1¥”Õ∑œ‘ æ∆ 
0098 04               75      TABLE: INC A ;»°”Î ◊÷∂‘”¶µƒ∂Œ¬Î 
0099 83               76             MOVC A,@A+PC 
009A 22               77             RET 
009B 3F065B4F         78             DB 3FH,06H,5BH,4FH,66H,6DH,7DH, 07H, 7FH,6FH, 40H 
009F 666D7D07                
00A3 7F6F40                  
                      79     
00A6 F9               80        GET: MOV R1,A ;∞—¥” ±°¢∑÷ªÚ√Î◊÷Ω⁄÷–»°¿¥µƒ÷µµƒ∏ﬂ 
00A7 540F             81             ANL A,#0FH ;Œª∆¡±ŒµÙ,≤¢ÀÕ»Îª∫≥Â«¯ 
00A9 F6               82             MOV @R0,A 
                      83     
00AA 18               84             DEC R0 
00AB E9               85             MOV A,R1 ;∞—¥” ±°¢∑÷ªÚ√Î◊÷Ω⁄÷–»°¿¥µƒ÷µµƒµÕ 
00AC C4               86             SWAP A ;Œª∆¡±ŒµÙ,≤¢ÀÕ»Îª∫≥Â«¯ 
00AD 540F             87             ANL A,#0FH 
00AF F6               88             MOV @R0,A 
00B0 18               89             DEC R0 ;R0÷∏’Îœ¬“∆“ªŒª 
00B1 22               90             RET 
                      91                     
001B                  92                     ORG 001BH 
001B 020100           93             LJMP CLOCK
0100                  94                     ORG 0100H
0100 758B38           95      CLOCK: MOV TL1,#038H ;÷√ ±º‰≥£  
0103 758D00           96             MOV TH1,#00H 
0106 C0D0             97             PUSH PSW  
                      98                  
0108 C0E0             99             PUSH ACC 
010A 0523            100             INC BUF ;º∆ º”“ª 
010C E523            101             MOV A,BUF ;º∆µΩ10∑Ò?√ª”–‘Ú◊™µΩQUITÕÀ≥ˆ÷–∂œ 
010E B40A27          102             CJNE A,#0AH,QUIT 
0111 752300          103             MOV BUF,#00H ;÷√≥ı÷µ 
0114 E522            104             MOV A,SBF 
0116 7401            105             MOV A , #1 ;√Î÷µº”“ª,æ≠ ÆΩ¯÷∆µ˜’˚∫Û∑≈»Î 
0118 D4              106             DA A ;√Î◊÷Ω⁄ 
0119 F522            107             MOV SBF,A 
011B B4601A          108             CJNE A,#60H,QUIT ;º∆µΩ60∑Ò?√ª”–‘Ú◊™µΩQUITÕÀ≥ˆ÷–∂œ 
011E 752200          109             MOV SBF,#00H ; «,√Î◊÷Ω⁄«Â¡„ 
0121 E521            110             MOV A,MBF 
0123 7401            111             MOV A , #1 ;∑÷÷µº”“ª,æ≠ ÆΩ¯÷∆µ˜’˚∫Û∑≈»Î 
0125 D4              112             DA A ;∑÷◊÷Ω⁄ 
0126 F521            113             MOV MBF,A 
0128 B4600D          114             CJNE A,#60H,QUIT ;∑÷÷µŒ™60∑Ò?≤ª «‘ÚÕÀ≥ˆ÷–∂œ 
012B 752100          115             MOV MBF,#00H ; «,«Â¡„ 
012E E520            116                     MOV  A,HBF 
0130 7401            117                     MOV A , #1; 
0132 D4              118                     DA  A 
0133 F520            119                     MOV  HBF,A 
0135 B42400          120                     CJNE A,#24H,QUIT   ; ±÷µŒ™24∑Ò,≤ª «‘ÚÕÀ≥ˆ÷–∂œ 
0138 D0E0            121     QUIT:   POP ACC 
A51 MACRO ASSEMBLER  CLOCK                                                                12/08/2016 00:29:34 PAGE     3

013A D0D0            122                     POP PSW 
013C 32              123                     RETI ;÷–∂œ∑µªÿ 
                     124             END
A51 MACRO ASSEMBLER  CLOCK                                                                12/08/2016 00:29:34 PAGE     4

SYMBOL TABLE LISTING
------ ----- -------


N A M E             T Y P E  V A L U E   ATTRIBUTES

ACC. . . . . . . .  D ADDR   00E0H   A   
BUF. . . . . . . .  N NUMB   0023H   A   
CLOCK. . . . . . .  C ADDR   0100H   A   
DEL. . . . . . . .  C ADDR   007BH   A   
DS1. . . . . . . .  C ADDR   006AH   A   
DS2. . . . . . . .  C ADDR   006EH   A   
EA . . . . . . . .  B ADDR   00A8H.7 A   
ET1. . . . . . . .  B ADDR   00A8H.3 A   
GET. . . . . . . .  C ADDR   00A6H   A   
HBF. . . . . . . .  N NUMB   0020H   A   
MBF. . . . . . . .  N NUMB   0021H   A   
P1 . . . . . . . .  D ADDR   0090H   A   
PORT . . . . . . .  N NUMB   CFA0H   A   
PSW. . . . . . . .  D ADDR   00D0H   A   
QUIT . . . . . . .  C ADDR   0138H   A   
SBF. . . . . . . .  N NUMB   0022H   A   
START. . . . . . .  C ADDR   0040H   A   
TABLE. . . . . . .  C ADDR   0098H   A   
TH1. . . . . . . .  D ADDR   008DH   A   
TL1. . . . . . . .  D ADDR   008BH   A   
TMOD . . . . . . .  D ADDR   0089H   A   
TR1. . . . . . . .  B ADDR   0088H.6 A   


REGISTER BANK(S) USED: 0 


ASSEMBLY COMPLETE.  0 WARNING(S), 0 ERROR(S)
